Microchip MPLAB XC8 Compiler V2.32

Linker command line:

-W-3 --edf=C:\Program Files\Microchip\xc8\v2.32\pic\dat\en_msgs.txt -cn \
  -h+dist/default/production\SmartCurtain.X.production.sym \
  --cmf=dist/default/production\SmartCurtain.X.production.cmf -z -Q18F4550 \
  -oC:\Users\OSCARH~1\AppData\Local\Temp\xcAs7ro.4 --defsym=__MPLAB_BUILD=1 \
  -Mdist/default/production/SmartCurtain.X.production.map -E1 \
  -ver=XC8 Compiler --acfsm=1493 -ASTACK=06Ch-07FFh -pstack=STACK \
  -ACODE=00h-07FFFh -ACONST=00h-07FFFh -ASMALLCONST=0800h-08FFhx120 \
  -AMEDIUMCONST=0800h-07FFFh -ACOMRAM=01h-05Fh -AABS1=00h-07FFh \
  -ABIGRAM=01h-07FFh -ARAM=060h-0FFh,0100h-01FFhx7 -ABANK0=060h-0FFh \
  -ABANK1=0100h-01FFh -ABANK2=0200h-02FFh -ABANK3=0300h-03FFh \
  -ABANK4=0400h-04FFh -ABANK5=0500h-05FFh -ABANK6=0600h-06FFh \
  -ABANK7=0700h-07FFh -ASFR=0F60h-0FFFh -ACONFIG=0300000h-030000Dh \
  -AIDLOC=0200000h-0200007h -AEEDATA=0F00000h-0F000FFh -peeprom_data=EEDATA \
  -preset_vec=00h,intcode,intcodelo,powerup,init -pramtop=0800h \
  -psmallconst=SMALLCONST -pmediumconst=MEDIUMCONST -pconst=CONST \
  -AFARRAM=00h-00h \
  -prdata=COMRAM,nvrram=COMRAM,nvbit=COMRAM,rbss=COMRAM,rbit=COMRAM \
  -pfarbss=FARRAM,fardata=FARRAM,nvFARRAM=FARRAM \
  -pintsave_regs=BIGRAM,bigbss=BIGRAM,bigdata=BIGRAM -pbss=RAM \
  -pidata=CODE,irdata=CODE,ibigdata=CODE,ifardata=CODE -prparam=COMRAM \
  C:\Users\OSCARH~1\AppData\Local\Temp\xcAs7ro.o \
  dist/default/production\SmartCurtain.X.production.o 

Object code version is 3.11

Machine type is 18F4550



                Name                               Link     Load   Length Selector   Space Scale
C:\Users\OSCARH~1\AppData\Local\Temp\xcAs7ro.o
                idloc                            200000   200000        8        0       5
                config                           300000   300000        E        0       4
                init                                  0        0        4        0       0
dist/default/production\SmartCurtain.X.production.o
                idloc                            200000   200000        8        0       5
                config                           300000   300000        E        0       4
                mediumconst                        7E7C     7E7C      184     3F3E       0
                text19                             79FA     79FA       B6     3CFD       0
                text18                             7824     7824       50     3C12       0
                text17                             7722     7722        8     3B91       0
                text16                             77B0     77B0       34     3BD8       0
                text15                             7874     7874       50     3C3A       0
                text14                             791A     791A       5E     3C8D       0
                text13                             77E4     77E4       40     3BF2       0
                text12                             7756     7756       12     3BAB       0
                text11                             7784     7784       2C     3BC2       0
                text10                             7768     7768       1C     3BB4       0
                text9                              770E     770E        2     3B87       0
                text8                              7AB0     7AB0      188     3D58       0
                text7                              7978     7978       82     3CBC       0
                text6                              7710     7710        4     3B88       0
                text5                              7714     7714        4     3B8A       0
                text4                              7718     7718        4     3B8C       0
                text3                              771C     771C        6     3B8E       0
                text2                              7732     7732        A     3B99       0
                text1                              7C38     7C38      244     3E1C       0
                text0                              772A     772A        8     3B95       0
                cstackCOMRAM                         31       31       17        1       1
                dataBANK0                            60       60        C       60       1
                dataCOMRAM                           48       48        D        1       1
                bssCOMRAM                             1        1       30        1       1
                cinit                              78C4     78C4       56     3C62       0
                idataBANK0                         773D     773D        C     773D       0
                idataCOMRAM                        7749     7749        D     7749       0

TOTAL           Name                               Link     Load   Length     Space
        CLASS   STACK          

        CLASS   CODE           
                init                                  0        0        4         0
                text19                             79FA     79FA       B6         0
                text18                             7824     7824       50         0
                text17                             7722     7722        8         0
                text16                             77B0     77B0       34         0
                text15                             7874     7874       50         0
                text14                             791A     791A       5E         0
                text13                             77E4     77E4       40         0
                text12                             7756     7756       12         0
                text11                             7784     7784       2C         0
                text10                             7768     7768       1C         0
                text9                              770E     770E        2         0
                text8                              7AB0     7AB0      188         0
                text7                              7978     7978       82         0
                text6                              7710     7710        4         0
                text5                              7714     7714        4         0
                text4                              7718     7718        4         0
                text3                              771C     771C        6         0
                text2                              7732     7732        A         0
                text1                              7C38     7C38      244         0
                text0                              772A     772A        8         0
                cinit                              78C4     78C4       56         0
                idataBANK0                         773D     773D        C         0
                idataCOMRAM                        7749     7749        D         0

        CLASS   CONST          

        CLASS   SMALLCONST     

        CLASS   MEDIUMCONST    
                mediumconst                        7E7C     7E7C      184         0

        CLASS   COMRAM         
                cstackCOMRAM                         31       31       17         1
                dataCOMRAM                           48       48        D         1
                bssCOMRAM                             1        1       30         1

        CLASS   ABS1           

        CLASS   BIGRAM         

        CLASS   RAM            

        CLASS   BANK0          
                dataBANK0                            60       60        C         1

        CLASS   BANK1          

        CLASS   BANK2          

        CLASS   BANK3          

        CLASS   BANK4          

        CLASS   BANK5          

        CLASS   BANK6          

        CLASS   BANK7          

        CLASS   SFR            

        CLASS   CONFIG         
                config                           300000   300000        E         4

        CLASS   IDLOC          
                idloc                            200000   200000        8         5

        CLASS   EEDATA         

        CLASS   FARRAM         



SEGMENTS        Name                           Load    Length   Top    Selector   Space  Class

                reset_vec                      000000  000004  000004         0       0  CODE    
                bssCOMRAM                      000001  000054  000055         1       1  COMRAM  
                dataBANK0                      000060  00000C  00006C        60       1  BANK0   
                text9                          00770E  000002  007710      3B87       0  CODE    
                text6                          007710  000004  007714      3B88       0  CODE    
                text5                          007714  000004  007718      3B8A       0  CODE    
                text4                          007718  000004  00771C      3B8C       0  CODE    
                text3                          00771C  000006  007722      3B8E       0  CODE    
                text17                         007722  000008  00772A      3B91       0  CODE    
                text0                          00772A  000008  007732      3B95       0  CODE    
                text2                          007732  00000A  00773C      3B99       0  CODE    
                idataBANK0                     00773D  00000C  007749      773D       0  CODE    
                idataCOMRAM                    007749  00000D  007756      7749       0  CODE    
                text12                         007756  000012  007768      3BAB       0  CODE    
                text10                         007768  00001C  007784      3BB4       0  CODE    
                text11                         007784  00002C  0077B0      3BC2       0  CODE    
                text16                         0077B0  000034  0077E4      3BD8       0  CODE    
                text13                         0077E4  000040  007824      3BF2       0  CODE    
                text18                         007824  000050  007874      3C12       0  CODE    
                text15                         007874  000050  0078C4      3C3A       0  CODE    
                cinit                          0078C4  000056  00791A      3C62       0  CODE    
                text14                         00791A  00005E  007978      3C8D       0  CODE    
                text7                          007978  000082  0079FA      3CBC       0  CODE    
                text19                         0079FA  0000B6  007AB0      3CFD       0  CODE    
                text8                          007AB0  000188  007C38      3D58       0  CODE    
                text1                          007C38  000244  007E7C      3E1C       0  CODE    
                mediumconst                    007E7C  000184  008000      3F3E       0  MEDIUMCO


UNUSED ADDRESS RANGES

        Name                Unused          Largest block    Delta
        BANK0            00006C-0000FF               94
        BANK1            000100-0001FF              100
        BANK2            000200-0002FF              100
        BANK3            000300-0003FF              100
        BANK4            000400-0004FF              100
        BANK5            000500-0005FF              100
        BANK6            000600-0006FF              100
        BANK7            000700-0007FF              100
        BIGRAM           000055-00005F                B
                         00006C-0007FF              794
        CODE             000004-00770D             770A
                         00773C-00773C                1
        COMRAM           000055-00005F                B
        CONST            000004-00770D             770A
                         00773C-00773C                1
        EEDATA           F00000-F000FF              100
        MEDIUMCONST      000800-00770D             6F0E
                         00773C-00773C                1
        RAM              00006C-0007FF              100
        SFR              000F60-000FFF               A0
        SMALLCONST       000800-00770D              100
                         00773C-00773C                1
        STACK            00006C-0007FF              794

                                  Symbol Table

Keypad_Key_Press@F3196            mediumconst  007E7D
Keypad_Key_Press@fila             cstackCOMRAM 000044
Keypad_Key_Press@keypad_deco      cstackCOMRAM 000031
Keypad_Key_Press@tec              cstackCOMRAM 000042
LCD_Char@dat                      cstackCOMRAM 000032
LCD_Command@cmd                   cstackCOMRAM 000032
LCD_String@msg                    cstackCOMRAM 000033
LCD_String_xy@location            cstackCOMRAM 000039
LCD_String_xy@msg                 cstackCOMRAM 000036
LCD_String_xy@pos                 cstackCOMRAM 000035
LCD_String_xy@row                 cstackCOMRAM 000038
_Date                             bssCOMRAM    00000A
_Day                              bssCOMRAM    00000C
_Keypad_Key_Press                 text19       0079FA
_LATB                             (abs)        000F8A
_LATB2                            (abs)        007C52
_LATB3                            (abs)        007C53
_LATD                             (abs)        000F8C
_LCD_Char                         text15       007874
_LCD_Clear                        text17       007722
_LCD_Command                      text18       007824
_LCD_Init                         text16       0077B0
_LCD_String                       text14       00791A
_LCD_String_xy                    text13       0077E4
_Month                            bssCOMRAM    000008
_OSCCON                           (abs)        000FD3
_PORTA                            (abs)        000F80
_PORTAbits                        (abs)        000F80
_PORTB                            (abs)        000F81
_PORTBbits                        (abs)        000F81
_PORTD                            (abs)        000F83
_PORTEbits                        (abs)        000F84
_RBPU                             (abs)        007F8F
_RCIF                             (abs)        007CF5
_RCREG                            (abs)        000FAE
_RCSTA                            (abs)        000FAB
_SPBRG                            (abs)        000FAF
_TRISA                            (abs)        000F92
_TRISB                            (abs)        000F93
_TRISC6                           (abs)        007CA6
_TRISC7                           (abs)        007CA7
_TRISD                            (abs)        000F95
_TXIF                             (abs)        007CF4
_TXREG                            (abs)        000FAD
_TXSTA                            (abs)        000FAC
_USART_ReceiveChar                text12       007756
_Year                             bssCOMRAM    000006
__HRAM                            (abs)        000000
__Habs1                           abs1         000000
__Hbank0                          bank0        000000
__Hbank1                          bank1        000000
__Hbank2                          bank2        000000
__Hbank3                          bank3        000000
__Hbank4                          bank4        000000
__Hbank5                          bank5        000000
__Hbank6                          bank6        000000
__Hbank7                          bank7        000000
__Hbigbss                         bigbss       000000
__Hbigdata                        bigdata      000000
__Hbigram                         bigram       000000
__Hbss                            bss          000000
__HbssCOMRAM                      bssCOMRAM    000000
__Hcinit                          cinit        000000
__Hclrtext                        clrtext      000000
__Hcomram                         comram       000000
__Hconfig                         config       30000E
__Hconst                          const        000000
__HcstackCOMRAM                   cstackCOMRAM 000000
__Hdata                           data         000000
__HdataBANK0                      dataBANK0    000000
__HdataCOMRAM                     dataCOMRAM   000000
__Heeprom_data                    eeprom_data  000000
__Hfarbss                         farbss       000000
__Hfardata                        fardata      000000
__Hibigdata                       ibigdata     000000
__Hidata                          idata        000000
__HidataBANK0                     idataBANK0   000000
__HidataCOMRAM                    idataCOMRAM  000000
__Hidloc                          idloc        200008
__Hifardata                       ifardata     000000
__Hinit                           init         000004
__Hintcode                        intcode      000000
__Hintcode_body                   intcode_body 000000
__Hintcodelo                      intcodelo    000000
__Hintentry                       intentry     000000
__Hintret                         intret       000000
__Hintsave_regs                   intsave_regs 000000
__Hirdata                         irdata       000000
__Hmediumconst                    mediumconst  008000
__HnvFARRAM                       nvFARRAM     000000
__Hnvbit                          nvbit        000000
__Hnvrram                         nvrram       000000
__Hparam                          rparam       000000
__Hpowerup                        powerup      000000
__Hram                            ram          000000
__Hramtop                         ramtop       000800
__Hrbit                           rbit         000000
__Hrbss                           rbss         000000
__Hrdata                          rdata        000000
__Hreset_vec                      reset_vec    000000
__Hrparam                         rparam       000000
__Hsfr                            sfr          000000
__Hsmallconst                     smallconst   000000
__Hspace_0                        (abs)        008000
__Hspace_1                        (abs)        00006C
__Hspace_2                        (abs)        000000
__Hspace_4                        (abs)        60000E
__Hstack                          stack        000000
__Hstruct                         struct       000000
__Htemp                           temp         000000
__Htext                           text         000000
__Htext0                          text0        000000
__Htext1                          text1        000000
__Htext10                         text10       000000
__Htext11                         text11       000000
__Htext12                         text12       000000
__Htext13                         text13       000000
__Htext14                         text14       000000
__Htext15                         text15       000000
__Htext16                         text16       000000
__Htext17                         text17       000000
__Htext18                         text18       000000
__Htext19                         text19       000000
__Htext2                          text2        000000
__Htext3                          text3        000000
__Htext4                          text4        000000
__Htext5                          text5        000000
__Htext6                          text6        000000
__Htext7                          text7        000000
__Htext8                          text8        000000
__Htext9                          text9        000000
__LRAM                            (abs)        000001
__Labs1                           abs1         000000
__Lbank0                          bank0        000000
__Lbank1                          bank1        000000
__Lbank2                          bank2        000000
__Lbank3                          bank3        000000
__Lbank4                          bank4        000000
__Lbank5                          bank5        000000
__Lbank6                          bank6        000000
__Lbank7                          bank7        000000
__Lbigbss                         bigbss       000000
__Lbigdata                        bigdata      000000
__Lbigram                         bigram       000000
__Lbss                            bss          000000
__LbssCOMRAM                      bssCOMRAM    000000
__Lcinit                          cinit        000000
__Lclrtext                        clrtext      000000
__Lcomram                         comram       000000
__Lconfig                         config       000000
__Lconst                          const        000000
__LcstackCOMRAM                   cstackCOMRAM 000000
__Ldata                           data         000000
__LdataBANK0                      dataBANK0    000000
__LdataCOMRAM                     dataCOMRAM   000000
__Leeprom_data                    eeprom_data  000000
__Lfarbss                         farbss       000000
__Lfardata                        fardata      000000
__Libigdata                       ibigdata     000000
__Lidata                          idata        000000
__LidataBANK0                     idataBANK0   000000
__LidataCOMRAM                    idataCOMRAM  000000
__Lidloc                          idloc        000000
__Lifardata                       ifardata     000000
__Linit                           init         000000
__Lintcode                        intcode      000000
__Lintcode_body                   intcode_body 000000
__Lintcodelo                      intcodelo    000000
__Lintentry                       intentry     000000
__Lintret                         intret       000000
__Lintsave_regs                   intsave_regs 000000
__Lirdata                         irdata       000000
__Lmediumconst                    mediumconst  007E7C
__LnvFARRAM                       nvFARRAM     000000
__Lnvbit                          nvbit        000000
__Lnvrram                         nvrram       000000
__Lparam                          rparam       000000
__Lpowerup                        powerup      000000
__Lram                            ram          000000
__Lramtop                         ramtop       000800
__Lrbit                           rbit         000000
__Lrbss                           rbss         000000
__Lrdata                          rdata        000000
__Lreset_vec                      reset_vec    000000
__Lrparam                         rparam       000000
__Lsfr                            sfr          000000
__Lsmallconst                     smallconst   000000
__Lspace_0                        (abs)        000000
__Lspace_1                        (abs)        000000
__Lspace_2                        (abs)        000000
__Lspace_4                        (abs)        000000
__Lstack                          stack        000000
__Lstruct                         struct       000000
__Ltemp                           temp         000000
__Ltext                           text         000000
__Ltext0                          text0        000000
__Ltext1                          text1        000000
__Ltext10                         text10       000000
__Ltext11                         text11       000000
__Ltext12                         text12       000000
__Ltext13                         text13       000000
__Ltext14                         text14       000000
__Ltext15                         text15       000000
__Ltext16                         text16       000000
__Ltext17                         text17       000000
__Ltext18                         text18       000000
__Ltext19                         text19       000000
__Ltext2                          text2        000000
__Ltext3                          text3        000000
__Ltext4                          text4        000000
__Ltext5                          text5        000000
__Ltext6                          text6        000000
__Ltext7                          text7        000000
__Ltext8                          text8        000000
__Ltext9                          text9        000000
__S0                              (abs)        008000
__S1                              (abs)        00006C
__S2                              (abs)        000000
__S4                              (abs)        000000
__S5                              (abs)        000000
___inthi_sp                       stack        000000
___intlo_sp                       stack        000000
___param_bank                     (abs)        000000
___rparam_used                    (abs)        000001
___sp                             stack        000000
__accesstop                       (abs)        000060
__activetblptr                    (abs)        000002
__end_ofKeypad_Key_Press@F3196    mediumconst  007E8E
__end_of_Keypad_Key_Press         text19       007AB0
__end_of_LCD_Char                 text15       0078C4
__end_of_LCD_Clear                text17       00772A
__end_of_LCD_Command              text18       007874
__end_of_LCD_Init                 text16       0077E4
__end_of_LCD_String               text14       007978
__end_of_LCD_String_xy            text13       007824
__end_of_USART_ReceiveChar        text12       007768
__end_of__initialization          cinit        007910
__end_of_despertador              text7        0079FA
__end_of_ledActivador             text11       0077B0
__end_of_ledencendido             text6        007714
__end_of_lederror                 text10       007784
__end_of_main                     text0        007732
__end_of_menu                     text1        007E7C
__end_of_motorApertura            text5        007718
__end_of_motorCierre              text4        00771C
__end_of_motorStop                text3        007722
__end_of_motor_ini                text2        00773C
__end_of_recuperarHoraBluetooth   text8        007C38
__end_of_recuperarHorarioTeclado  text9        007710
__initialization                  cinit        0078C4
__mediumconst                     mediumconst  007E7C
__pbssCOMRAM                      bssCOMRAM    000001
__pcinit                          cinit        0078C4
__pcstackCOMRAM                   cstackCOMRAM 000031
__pdataBANK0                      dataBANK0    000060
__pdataCOMRAM                     dataCOMRAM   000048
__pidataBANK0                     idataBANK0   00773D
__pidataCOMRAM                    idataCOMRAM  007749
__pmediumconst                    mediumconst  007E7C
__ptext0                          text0        00772A
__ptext1                          text1        007C38
__ptext10                         text10       007768
__ptext11                         text11       007784
__ptext12                         text12       007756
__ptext13                         text13       0077E4
__ptext14                         text14       00791A
__ptext15                         text15       007874
__ptext16                         text16       0077B0
__ptext17                         text17       007722
__ptext18                         text18       007824
__ptext19                         text19       0079FA
__ptext2                          text2        007732
__ptext3                          text3        00771C
__ptext4                          text4        007718
__ptext5                          text5        007714
__ptext6                          text6        007710
__ptext7                          text7        007978
__ptext8                          text8        007AB0
__ptext9                          text9        00770E
__ramtop                          ramtop       000800
__size_of_Keypad_Key_Press        (abs)        000000
__size_of_LCD_Char                (abs)        000000
__size_of_LCD_Clear               (abs)        000000
__size_of_LCD_Command             (abs)        000000
__size_of_LCD_Init                (abs)        000000
__size_of_LCD_String              (abs)        000000
__size_of_LCD_String_xy           (abs)        000000
__size_of_USART_ReceiveChar       (abs)        000000
__size_of_despertador             (abs)        000000
__size_of_ledActivador            (abs)        000000
__size_of_ledencendido            (abs)        000000
__size_of_lederror                (abs)        000000
__size_of_main                    (abs)        000000
__size_of_menu                    (abs)        000000
__size_of_motorApertura           (abs)        000000
__size_of_motorCierre             (abs)        000000
__size_of_motorStop               (abs)        000000
__size_of_motor_ini               (abs)        000000
__size_of_recuperarHoraBluetooth  (abs)        000000
__size_of_recuperarHorarioTeclado (abs)        000000
__smallconst                      smallconst   000000
_col_loc                          bssCOMRAM    00002F
_despertador                      text7        007978
_hour                             bssCOMRAM    00000E
_idx                              bssCOMRAM    00002C
_keypad                           dataBANK0    000060
_ledActivador                     text11       007784
_ledencendido                     text6        007710
_lederror                         text10       007768
_main                             text0        00772A
_menu                             text1        007C38
_min                              bssCOMRAM    000010
_motorApertura                    text5        007714
_motorCierre                      text4        007718
_motorStop                        text3        00771C
_motor_ini                        text2        007732
_pass_user                        bssCOMRAM    000001
_password                         dataCOMRAM   00004F
_recuperarHoraBluetooth           text8        007AB0
_recuperarHorarioTeclado          text9        00770E
_rowloc                           bssCOMRAM    00002E
_sec                              bssCOMRAM    000012
_temp_col                         bssCOMRAM    00002D
_varAbierta                       bssCOMRAM    000014
_varAux                           bssCOMRAM    000030
_varFecha                         bssCOMRAM    000020
_varFechaAlarma                   bssCOMRAM    000026
_varFechaD                        bssCOMRAM    000016
_varHoraAlarma                    bssCOMRAM    00002A
_varHoras                         bssCOMRAM    000024
_varHorasD                        bssCOMRAM    00001A
_varMinutos                       bssCOMRAM    000022
_varMinutosAlarma                 bssCOMRAM    000028
_varMinutosD                      bssCOMRAM    000018
_varOpcion                        dataCOMRAM   000054
_varTemp1                         bssCOMRAM    00001E
_varTemp2                         bssCOMRAM    00001C
end_of_initialization             cinit        007910
intlevel0                         text         000000
intlevel1                         text         000000
intlevel2                         text         000000
intlevel3                         text         000000
isa$std                           (abs)        000001
isa$xinst                         (abs)        000000
ledActivador@prmEstado            cstackCOMRAM 000031
lederror@prmEstado                cstackCOMRAM 000031
main_rtc@F3525                    dataCOMRAM   000048
stackhi                           (abs)        0007FF
stacklo                           (abs)        00006C
start                             init         000000
start_initialization              cinit        0078C4


MODULE INFORMATION

Module		Function		Class		Link	Load	Size
clsMenu.c
		_menu          		CODE           	7C38	0000	580

clsMenu.c estimated size: 580

clsLcd.c
		_LCD_String    		CODE           	791A	0000	94
		_LCD_Init      		CODE           	77B0	0000	52
		_LCD_Command   		CODE           	7824	0000	80
		_LCD_String_xy 		CODE           	77E4	0000	64
		_LCD_Char      		CODE           	7874	0000	80
		_LCD_Clear     		CODE           	7722	0000	8

clsLcd.c estimated size: 378

clsTeclado.c
		_Keypad_Key_Press		CODE           	79FA	0000	182

clsTeclado.c estimated size: 182

clsDespertador.c
		_despertador   		CODE           	7978	0000	130
		_recuperarHorarioTeclado		CODE           	770E	0000	2
		_recuperarHoraBluetooth		CODE           	7AB0	0000	392

clsDespertador.c estimated size: 524

shared
		Keypad_Key_Press@F3196		MEDIUMCONST    	7E7D	0000	17
		__initialization		CODE           	78C4	0000	76

shared estimated size: 93

clsMotor.c
		_motorCierre   		CODE           	7718	0000	4
		_motorStop     		CODE           	771C	0000	6
		_motorApertura 		CODE           	7714	0000	4
		_motor_ini     		CODE           	7732	0000	10

clsMotor.c estimated size: 24

clsBluetooth.c
		_USART_ReceiveChar		CODE           	7756	0000	18

clsBluetooth.c estimated size: 18

main.c
		_main          		CODE           	772A	0000	8

main.c estimated size: 8

clsAlarmas.c
		_ledActivador  		CODE           	7784	0000	44
		_lederror      		CODE           	7768	0000	28
		_ledencendido  		CODE           	7710	0000	4

clsAlarmas.c estimated size: 76

